// Jest Snapshot v1, https://goo.gl/fbAQLP

exports[`Loader should render 1`] = `
<div
  className="sc-bdVaJa kbGhZi"
>
  <div
    className="sc-bwzfXH iazbFD"
  >
    <img
      alt="spinner"
      className="sc-htpNat hHtpcc"
      src="spin.svg"
    />
  </div>
</div>
`;
