// Jest Snapshot v1, https://goo.gl/fbAQLP

exports[`MarkerFormModal should render 1`] = `null`;
