// Jest Snapshot v1, https://goo.gl/fbAQLP

exports[`MarkerList should render 1`] = `
<div
  className="sc-gqjmRU kOyJns"
/>
`;
