// Jest Snapshot v1, https://goo.gl/fbAQLP

exports[`Input StyledInput should render 1`] = `
.c0 {
  width: 100%;
  height: 40px;
  padding: 0 10px;
  font-family: 'Open Sans',sans-serif;
  font-weight: 400;
  font-size: 16px;
  border: 1px solid #dadada;
  border-radius: 5px;
  outline: none;
}

<input
  className="c0"
/>
`;

exports[`Input StyledLabel should render 1`] = `
.c0 {
  display: block;
  margin-bottom: 5px;
  font-family: 'Open Sans',sans-serif;
  font-weight: 600;
}

<label
  className="c0"
/>
`;
